// Jest Snapshot v1, https://goo.gl/fbAQLP

exports[`args.java 1`] = `
public class Args {

  public void none() {}

  public void one(String one) {}

  public void three(String one, Integer two, String three) {}

  public void six(
    String one,
    Integer two,
    String three,
    Integer four,
    String six
  ) {}

}
~~~~~~~~~~~~~~~~~~~~~~~~~~~~~~~~~~~~~~~~~~~~~~~~~~~~~~~~~~~~~~~~~~~~~~~~~~~~~~~~
public class Args {

    public void none() {}

    public void one(String one) {}

    public void three(String one, Integer two, String three) {}

    public void six(
        String one,
        Integer two,
        String three,
        Integer four,
        String six
    ) {}

}


`;
