// Jest Snapshot v1, https://goo.gl/fbAQLP

exports[`complex_generic_class.java 1`] = `
public class GenericClass<BEAN extends Comparable<BEAN>> {
  private BEAN bean;

  public GenericClass(BEAN bean) {
    this.bean = bean;
  }

  public BEAN setBean(BEAN bean) {
    this.bean = bean;
    return bean;
  }

  public <T extends Comparable<T>> T doSomething(T t) {
    return t;
  }

  public void addAll(final Collection<? extends E> c) {
		for (final E e : c) {
			add(e);
		}
  }

}
~~~~~~~~~~~~~~~~~~~~~~~~~~~~~~~~~~~~~~~~~~~~~~~~~~~~~~~~~~~~~~~~~~~~~~~~~~~~~~~~
public class GenericClass<BEAN extends Comparable<BEAN>> {
    private BEAN bean;

    public GenericClass(BEAN bean) {
        this.bean = bean;
    }

    public BEAN setBean(BEAN bean) {
        this.bean = bean;
        return bean;
    }

    public <T extends Comparable<T>> T doSomething(T t) {
        return t;
    }

    public void addAll(final Collection<? extends E> c) {
        for (final E e : c) {
            add(e);
        }
    }

}


`;
