// Jest Snapshot v1, https://goo.gl/fbAQLP

exports[`abstract_class.java 1`] = `
public abstract class AbstractClass {

  abstract public void abstractMethod();

  public void method() {
    System.out.print("method");
  }

}
~~~~~~~~~~~~~~~~~~~~~~~~~~~~~~~~~~~~~~~~~~~~~~~~~~~~~~~~~~~~~~~~~~~~~~~~~~~~~~~~
public abstract class AbstractClass {

    abstract public void abstractMethod();

    public void method() {
        System.out.print("method");
    }

}


`;
