// Jest Snapshot v1, https://goo.gl/fbAQLP

exports[`while.java 1`] = `
public class While {

  public void simpleWhile(boolean one) {
    while (one) {
      System.out.println("one");
    }
  }

  public void doWhile(boolean one) {
    do {
      System.out.println("one");
    } while (one);
  }

}
~~~~~~~~~~~~~~~~~~~~~~~~~~~~~~~~~~~~~~~~~~~~~~~~~~~~~~~~~~~~~~~~~~~~~~~~~~~~~~~~
public class While {

    public void simpleWhile(boolean one) {
        while (one) {
            System.out.println("one");
        }
    }

    public void doWhile(boolean one) {
        do {
            System.out.println("one");
        } while (one);
    }

}


`;
