// Jest Snapshot v1, https://goo.gl/fbAQLP

exports[`multiple_classes.java 1`] = `
class A {}

class B {}



class C {}
~~~~~~~~~~~~~~~~~~~~~~~~~~~~~~~~~~~~~~~~~~~~~~~~~~~~~~~~~~~~~~~~~~~~~~~~~~~~~~~~
class A {}

class B {}

class C {}


`;
