// Jest Snapshot v1, https://goo.gl/fbAQLP

exports[`empty_method.java 1`] = `
public class EmptyMethod {

  public static void main(String[] args) {
  }

  void small() {
  }

}
~~~~~~~~~~~~~~~~~~~~~~~~~~~~~~~~~~~~~~~~~~~~~~~~~~~~~~~~~~~~~~~~~~~~~~~~~~~~~~~~
public class EmptyMethod {

    public static void main(String[] args) {}

    void small() {}

}


`;
