// Jest Snapshot v1, https://goo.gl/fbAQLP

exports[`comment_javadoc.java 1`] = `
class EmptyComment {
  /***/
}

class MultiComments {
  /** Abc */
  /** XYZ */
  /** Something */
}

class MultiCommentsWithEmptyLines {
  /** Abc */

  /** XYZ */

  /** Something */
}

class MultiCommentsWithDeclarationsAfter {
  /** Abc */int i;
  
  /** XYZ */public void doSomething(int j) {
    System.out.println("do");
  }



  
  /** Something */
}

class MethodComment {
  public void doSomething1(int j) {
    /** Abc */
    System.out.println("do");



    /** XYZ */
    System.out.println("do");


    
  }

  public void doSomething2(int j) {



    /** Abc */
    System.out.println("do");



    /** XYZ */
    System.out.println("do");


    /** Something */ 
  }
}
~~~~~~~~~~~~~~~~~~~~~~~~~~~~~~~~~~~~~~~~~~~~~~~~~~~~~~~~~~~~~~~~~~~~~~~~~~~~~~~~
class EmptyComment {
    /***/
}

class MultiComments {
    /** Abc */

    /** XYZ */

    /** Something */
}

class MultiCommentsWithEmptyLines {
    /** Abc */

    /** XYZ */

    /** Something */
}

class MultiCommentsWithDeclarationsAfter {
    /** Abc */
    int i;

    /** XYZ */
    public void doSomething(int j) {
        System.out.println("do");
    }

    /** Something */
}

class MethodComment {

    public void doSomething1(int j) {
        /** Abc */

        System.out.println("do");

        /** XYZ */

        System.out.println("do");
    }

    public void doSomething2(int j) {

        /** Abc */

        System.out.println("do");

        /** XYZ */

        System.out.println("do");

        /** Something */
    }

}


`;
