// Jest Snapshot v1, https://goo.gl/fbAQLP

exports[`empty_class.java 1`] = `
public class EmptyClass {}

public class EmptyClass {
    
}
~~~~~~~~~~~~~~~~~~~~~~~~~~~~~~~~~~~~~~~~~~~~~~~~~~~~~~~~~~~~~~~~~~~~~~~~~~~~~~~~
public class EmptyClass {}

public class EmptyClass {}


`;
