// Jest Snapshot v1, https://goo.gl/fbAQLP

exports[`marker_annotations.java 1`] = `
@SingleMemberAnnotation2(
  name = "Something much long that breaks",
  date = "01/01/2018"
)
@SingleMemberAnnotation1(name = "Thorben von Hacht", date = "01/01/2018")
@NormalAnnotation("value")
@MarkerAnnotation
public class MarkerAnnotations {

  @SingleMemberAnnotation2(
    name = "Something much long that breaks",
    date = "01/01/2018"
  )
  @SingleMemberAnnotation1(name = "Thorben von Hacht", date = "01/01/2018")
  @NormalAnnotation("value")
  @MarkerAnnotation
  SomeService service;

  @SingleMemberAnnotation2(
    name = "Something much long that breaks",
    date = "01/01/2018"
  )
  @SingleMemberAnnotation1(name = "Thorben von Hacht", date = "01/01/2018")
  @NormalAnnotation("value")
  @MarkerAnnotation
  public void postConstruct() {
    System.out.println("post construct");
  }

}
~~~~~~~~~~~~~~~~~~~~~~~~~~~~~~~~~~~~~~~~~~~~~~~~~~~~~~~~~~~~~~~~~~~~~~~~~~~~~~~~
@MarkerAnnotation
@NormalAnnotation("value")
@SingleMemberAnnotation1(name = "Thorben von Hacht", date = "01/01/2018")
@SingleMemberAnnotation2(
    name = "Something much long that breaks",
    date = "01/01/2018"
)
public class MarkerAnnotations {
    @MarkerAnnotation
    @NormalAnnotation("value")
    @SingleMemberAnnotation1(name = "Thorben von Hacht", date = "01/01/2018")
    @SingleMemberAnnotation2(
        name = "Something much long that breaks",
        date = "01/01/2018"
    )
    SomeService service;

    @MarkerAnnotation
    @NormalAnnotation("value")
    @SingleMemberAnnotation1(name = "Thorben von Hacht", date = "01/01/2018")
    @SingleMemberAnnotation2(
        name = "Something much long that breaks",
        date = "01/01/2018"
    )
    public void postConstruct() {
        System.out.println("post construct");
    }

}

`;
