// Jest Snapshot v1, https://goo.gl/fbAQLP

exports[`class_body_block.java 1`] = `
public class ClassBodyBlock {

	static {
		
	}

	{
		
	}

}
~~~~~~~~~~~~~~~~~~~~~~~~~~~~~~~~~~~~~~~~~~~~~~~~~~~~~~~~~~~~~~~~~~~~~~~~~~~~~~~~
public class ClassBodyBlock {

    static {}

    {}

}


`;
