// Jest Snapshot v1, https://goo.gl/fbAQLP

exports[`return.java 1`] = `
public abstract class Return {

  Object returnThis() {
    return this;
  }

  Object returnNull() {
    return null;
  }

  void exit() {
    return;
  }

  Object returnCast() {
    return (BeanItemContainer<BEANTYPE>) super.getContainerDataSource();
  }

}
~~~~~~~~~~~~~~~~~~~~~~~~~~~~~~~~~~~~~~~~~~~~~~~~~~~~~~~~~~~~~~~~~~~~~~~~~~~~~~~~
public abstract class Return {

    Object returnThis() {
        return this;
    }

    Object returnNull() {
        return null;
    }

    void exit() {
        return;
    }

    Object returnCast() {
        return (BeanItemContainer<BEANTYPE>) super.getContainerDataSource();
    }

}


`;
