// Jest Snapshot v1, https://goo.gl/fbAQLP

exports[`types.java 1`] = `
public class Types {

  public void primitiveTypes() {
    byte byteVariable;
    short shortVariable;
    int intVariable;
    long longVariable;
    float floatVariable;
    double doubleVariable;
    char charVariable;
    boolean booleanVariable;
  }

  public void dataTypes() {
    Byte byteVariable;
    Short shortVariable;
    Integer intVariable;
    Long longVariable;
    Float floatVariable;
    Double doubleVariable;
    Char charVariable;
    Boolean booleanVariable;
    String stringVariable;
  }

}
~~~~~~~~~~~~~~~~~~~~~~~~~~~~~~~~~~~~~~~~~~~~~~~~~~~~~~~~~~~~~~~~~~~~~~~~~~~~~~~~
public class Types {

    public void primitiveTypes() {
        byte byteVariable;
        short shortVariable;
        int intVariable;
        long longVariable;
        float floatVariable;
        double doubleVariable;
        char charVariable;
        boolean booleanVariable;
    }

    public void dataTypes() {
        Byte byteVariable;
        Short shortVariable;
        Integer intVariable;
        Long longVariable;
        Float floatVariable;
        Double doubleVariable;
        Char charVariable;
        Boolean booleanVariable;
        String stringVariable;
    }

}


`;
